// Jest Snapshot v1, https://goo.gl/fbAQLP

exports[`should render ExpenseList with expense 1`] = `
<div
  className="content-container"
>
  <div
    className="list-header"
  >
    <div
      className="show-for-mobile"
    >
      Expenses
    </div>
    <div
      className="show-for-desktop"
    >
      Expense
    </div>
    <div
      className="show-for-desktop"
    >
      Amount
    </div>
  </div>
  <div
    className="list-body"
  >
    <ExpenseListItem
      amount={195}
      createdAt={0}
      description="Gum"
      id="1"
      key="1"
      note=""
    />
    <ExpenseListItem
      amount={232400}
      createdAt={-345600000}
      description="Rent"
      id="2"
      key="2"
      note=""
    />
    <ExpenseListItem
      amount={15000}
      createdAt={345600000}
      description="Water Bill"
      id="3"
      key="3"
      note=""
    />
    <ExpenseListItem
      amount={20000}
      createdAt={172800000}
      description="Gas Bill"
      id="4"
      key="4"
      note=""
    />
  </div>
</div>
`;

exports[`should render ExpenseList without expenses 1`] = `
<div
  className="content-container"
>
  <div
    className="list-header"
  >
    <div
      className="show-for-mobile"
    >
      Expenses
    </div>
    <div
      className="show-for-desktop"
    >
      Expense
    </div>
    <div
      className="show-for-desktop"
    >
      Amount
    </div>
  </div>
  <div
    className="list-body"
  >
    <div
      className="list-item list-item--message"
    >
      <span>
        No expenses
      </span>
    </div>
  </div>
</div>
`;
